Microchip MPLAB XC8 Compiler V2.41

Linker command line:

-W-3 \
  --edf=C:/Program Files/Microchip/MPLABX/v6.10/packs/Microchip/PIC16Fxxx_DFP/1.4.149/xc8\pic\dat\20230322214319_en.msgs \
  -cn -h+dist/default/production\Lab1.X.production.sym \
  --cmf=dist/default/production\Lab1.X.production.cmf -z -Q16F887 \
  -oC:\Users\judah\AppData\Local\Temp\xcAsffs.\driver_tmp_3.o \
  --defsym=__MPLAB_BUILD=1 --fixupoverflow=error \
  -Mdist/default/production/Lab1.X.production.map \
  --md=C:\Users\judah\AppData\Local\Temp\xcAsffs.\driver_tmp_0.dat -E1 \
  -ver=XC8 Compiler --acfsm=1493 -ACODE=00h-07FFhx4 -ASTRCODE=00h-01FFFh \
  -ASTRING=00h-0FFhx32 -ACONST=00h-0FFhx32 -AENTRY=00h-0FFhx32 \
  -ACOMMON=070h-07Fh -ABANK0=020h-06Fh -ABANK1=0A0h-0EFh \
  -ABANK2=0110h-016Fh -ABANK3=0190h-01EFh \
  -ARAM=020h-06Fh,0A0h-0EFh,0110h-016Fh,0190h-01EFh \
  -AABS1=020h-07Fh,0A0h-0EFh,0110h-016Fh,0190h-01EFh -ASFR0=00h-01Fh \
  -ASFR1=080h-09Fh -ASFR2=0100h-010Fh -ASFR3=0180h-018Fh \
  -ACONFIG=02007h-02008h -DCONFIG=2 -AIDLOC=02000h-02003h -DIDLOC=2 \
  -AEEDATA=00h-0FFh/02100h -peeprom_data=EEDATA -DEEDATA=2 -DCODE=2 \
  -DSTRCODE=2 -DSTRING=2 -DCONST=2 -DENTRY=2 \
  -preset_vec=00h,intentry=04h,init,end_init -ppowerup=CODE -pcinit=CODE \
  -pfunctab=ENTRY -k \
  C:\Users\judah\AppData\Local\Temp\xcAsffs.\driver_tmp_12.o \
  dist/default/production\Lab1.X.production.o 

Object code version is 3.11

Machine type is 16F887



                Name                               Link     Load   Length Selector   Space Scale
C:\Users\judah\AppData\Local\Temp\xcAsffs.\driver_tmp_12.o
                end_init                              E        E        3        8       0
                reset_vec                             0        0        3        0       0
                config                             2007     2007        2        0       4
dist/default/production\Lab1.X.production.o
                cinit                                11       11        E        8       0
                intentry                              4        4        A        8       0
                config                             2007     2007        2        0       4
                text11                              20F      20F        D        8       0
                text10                              15C      15C       27        8       0
                text9                               1A4      1A4       20        8       0
                text8                               1F2      1F2       10        8       0
                text7                               202      202        D        8       0
                text6                                1F       1F       5F        8       0
                text5                               1E1      1E1       11        8       0
                text4                                7E       7E       59        8       0
                text3                               1C4      1C4       1D        8       0
                text2                                D7       D7       43        8       0
                text1                               183      183       21        8       0
                maintext                            11A      11A       42        8       0
                cstackBANK0                          20       20        9       20       1
                cstackCOMMON                         75       75        5       70       1
                bssBANK0                             29       29        3       20       1
                bssCOMMON                            70       70        5       70       1

TOTAL           Name                               Link     Load   Length     Space
        CLASS   CODE           
                end_init                              E        E        3         0
                cinit                                11       11        E         0
                intentry                              4        4        A         0
                reset_vec                             0        0        3         0
                text11                              20F      20F        D         0
                text10                              15C      15C       27         0
                text9                               1A4      1A4       20         0
                text8                               1F2      1F2       10         0
                text7                               202      202        D         0
                text6                                1F       1F       5F         0
                text5                               1E1      1E1       11         0
                text4                                7E       7E       59         0
                text3                               1C4      1C4       1D         0
                text2                                D7       D7       43         0
                text1                               183      183       21         0
                maintext                            11A      11A       42         0

        CLASS   STRCODE        

        CLASS   STRING         

        CLASS   CONST          

        CLASS   ENTRY          

        CLASS   COMMON         
                cstackCOMMON                         75       75        5         1
                bssCOMMON                            70       70        5         1

        CLASS   BANK0          
                cstackBANK0                          20       20        9         1
                bssBANK0                             29       29        3         1

        CLASS   BANK1          

        CLASS   BANK2          

        CLASS   BANK3          

        CLASS   RAM            

        CLASS   ABS1           
                abs_s1                               7E       7E        2         1

        CLASS   SFR0           

        CLASS   SFR1           

        CLASS   SFR2           

        CLASS   SFR3           

        CLASS   CONFIG         
                config                             2007     2007        2         4

        CLASS   IDLOC          

        CLASS   EEDATA         

        CLASS   STACK          



SEGMENTS        Name                           Load    Length   Top    Selector   Space  Class     Delta

                reset_vec                      000000  000003  000003         0       0  CODE        2
                intentry                       000004  000218  00021C         8       0  CODE        2
                cstackBANK0                    000020  00000C  00002C        20       1  BANK0       1
                bssCOMMON                      000070  00000A  00007A        70       1  COMMON      1


UNUSED ADDRESS RANGES

        Name                Unused          Largest block    Delta
        BANK0            002C-006F             44           1
        BANK1            00A0-00EF             50           1
        BANK2            0110-016F             60           1
        BANK3            0190-01EF             60           1
        CODE             0003-0003              1           2
                         021C-1FFF            800
        COMMON           007A-007D              4           1
        CONST            0003-0003              1           2
                         021C-1FFF            100
        EEDATA           2100-21FF            100           2
        ENTRY            0003-0003              1           2
                         021C-1FFF            100
        IDLOC            2000-2003              4           2
        RAM              002C-006F             44           1
                         00A0-00EF             50
                         0110-016F             60
                         0190-01EF             60
        SFR0             0000-001F             20           1
        SFR1             0080-009F             20           1
        SFR2             0100-010F             10           1
        SFR3             0180-018F             10           1
        STRCODE          0003-0003              1           2
                         021C-1FFF           1DE4
        STRING           0003-0003              1           2
                         021C-1FFF            100

                                  Symbol Table

?_adc_read               cstackBANK0  0020
?_split_nibbles          cstackBANK0  0020
_ADCON0bits              (abs)        001F
_ADFM                    (abs)        04FF
_ADON                    (abs)        00F8
_ADRESH                  (abs)        001E
_ADRESL                  (abs)        009E
_ANSEL                   (abs)        0188
_ANSELH                  (abs)        0189
_GIE                     (abs)        005F
_IOCB                    (abs)        0096
_OPTION_REGbits          (abs)        0081
_OSCCONbits              (abs)        008F
_PORTA                   (abs)        0005
_PORTC                   (abs)        0007
_PORTD                   (abs)        0008
_PORTE                   (abs)        0009
_RB0                     (abs)        0030
_RB1                     (abs)        0031
_RB2                     (abs)        0032
_RB3                     (abs)        0033
_RBIE                    (abs)        005B
_RBIF                    (abs)        0058
_RE0                     (abs)        0048
_RE1                     (abs)        0049
_RE2                     (abs)        004A
_SCS                     (abs)        0478
_T0CS                    (abs)        040D
_T0IE                    (abs)        005D
_T0IF                    (abs)        005A
_TMR0                    (abs)        0001
_TRISA                   (abs)        0085
_TRISB                   (abs)        0086
_TRISC                   (abs)        0087
_TRISD                   (abs)        0088
_TRISE                   (abs)        0089
_VCFG0                   (abs)        04FC
_VCFG1                   (abs)        04FD
_WPUB                    (abs)        0095
__H__absolute__          __absolute__ 0000
__Habs1                  abs1         0000
__Hbank0                 bank0        0000
__Hbank1                 bank1        0000
__Hbank2                 bank2        0000
__Hbank3                 bank3        0000
__HbssBANK0              bssBANK0     0000
__HbssCOMMON             bssCOMMON    0000
__Hcinit                 cinit        001F
__Hclrtext               clrtext      0000
__Hcode                  code         0000
__Hcommon                common       0000
__Hconfig                config       2009
__HcstackBANK0           cstackBANK0  0000
__HcstackCOMMON          cstackCOMMON 0000
__Heeprom_data           eeprom_data  0000
__Hend_init              end_init     0011
__Hfunctab               functab      0000
__Hinit                  init         000E
__Hintentry              intentry     000E
__Hmaintext              maintext     0000
__Hpowerup               powerup      0000
__Hram                   ram          0000
__Hreset_vec             reset_vec    0003
__Hsfr0                  sfr0         0000
__Hsfr1                  sfr1         0000
__Hsfr2                  sfr2         0000
__Hsfr3                  sfr3         0000
__Hspace_0               (abs)        021C
__Hspace_1               (abs)        007A
__Hspace_2               (abs)        0000
__Hspace_3               (abs)        0000
__Hspace_4               (abs)        4010
__Hstack                 stack        0000
__Hstrings               strings      0000
__Htext                  text         0000
__L__absolute__          __absolute__ 0000
__Labs1                  abs1         0000
__Lbank0                 bank0        0000
__Lbank1                 bank1        0000
__Lbank2                 bank2        0000
__Lbank3                 bank3        0000
__LbssBANK0              bssBANK0     0000
__LbssCOMMON             bssCOMMON    0000
__Lcinit                 cinit        0011
__Lclrtext               clrtext      0000
__Lcode                  code         0000
__Lcommon                common       0000
__Lconfig                config       0000
__LcstackBANK0           cstackBANK0  0000
__LcstackCOMMON          cstackCOMMON 0000
__Leeprom_data           eeprom_data  0000
__Lend_init              end_init     000E
__Lfunctab               functab      0000
__Linit                  init         000E
__Lintentry              intentry     0004
__Lmaintext              maintext     0000
__Lpowerup               powerup      0000
__Lram                   ram          0000
__Lreset_vec             reset_vec    0000
__Lsfr0                  sfr0         0000
__Lsfr1                  sfr1         0000
__Lsfr2                  sfr2         0000
__Lsfr3                  sfr3         0000
__Lspace_0               (abs)        0000
__Lspace_1               (abs)        0000
__Lspace_2               (abs)        0000
__Lspace_3               (abs)        0000
__Lspace_4               (abs)        0000
__Lstack                 stack        0000
__Lstrings               strings      0000
__Ltext                  text         0000
__S0                     (abs)        021C
__S1                     (abs)        007A
__S3                     (abs)        0000
___int_sp                stack        0000
___latbits               (abs)        0002
___sp                    stack        0000
___stackhi               (abs)        0000
___stacklo               (abs)        0000
__end_of__initialization cinit        001B
__end_of_adc_init        text4        00D7
__end_of_adc_read        text8        0202
__end_of_adc_sel_channel text11       021C
__end_of_alarm           text7        020F
__end_of_hex_to_7seg     text6        007E
__end_of_ioc_portB       text10       0183
__end_of_iocb_init       text3        01E1
__end_of_isr             text9        01C4
__end_of_main            maintext     015C
__end_of_multiplex       text5        01F2
__end_of_setup           text2        011A
__end_of_split_nibbles   text1        01A4
__initialization         cinit        0011
__pbssBANK0              bssBANK0     0029
__pbssCOMMON             bssCOMMON    0070
__pcstackBANK0           cstackBANK0  0020
__pcstackCOMMON          cstackCOMMON 0075
__pintentry              intentry     0004
__pmaintext              maintext     011A
__ptext1                 text1        0183
__ptext10                text10       015C
__ptext11                text11       020F
__ptext2                 text2        00D7
__ptext3                 text3        01C4
__ptext4                 text4        007E
__ptext5                 text5        01E1
__ptext6                 text6        001F
__ptext7                 text7        0202
__ptext8                 text8        01F2
__ptext9                 text9        01A4
_adc_init                text4        007E
_adc_read                text8        01F2
_adc_sel_channel         text11       020F
_adc_val                 bssCOMMON    0074
_alarm                   text7        0202
_disp1                   bssCOMMON    0071
_disp2                   bssCOMMON    0070
_dispSel                 bssBANK0     002B
_hex_to_7seg             text6        001F
_high_nib                bssCOMMON    0073
_ioc_portB               text10       015C
_iocb_init               text3        01C4
_isr                     text9        01A4
_low_nib                 bssCOMMON    0072
_main                    maintext     011A
_multiplex               text5        01E1
_nRBPU                   (abs)        040F
_nibbles                 bssBANK0     0029
_setup                   text2        00D7
_split_nibbles           text1        0183
adc_init@J               cstackBANK0  0025
adc_init@R               cstackBANK0  0020
adc_init@channel         cstackBANK0  0022
adc_init@clock           cstackBANK0  0021
adc_sel_channel@channel  cstackCOMMON 0076
alarm@ref                cstackBANK0  0021
alarm@var                cstackBANK0  0020
btemp                    (abs)        007E
end_of_initialization    cinit        001B
hex_to_7seg@hex          cstackBANK0  0022
interrupt_function       intentry     0004
intlevel0                functab      0000
intlevel1                functab      0000
intlevel2                functab      0000
intlevel3                functab      0000
intlevel4                functab      0000
intlevel5                functab      0000
iocb_init@pinesB         cstackBANK0  0020
multiplex@selector       cstackBANK0  0020
reset_vec                reset_vec    0000
saved_w                  (abs)        007E
split_nibbles@hex        cstackBANK0  0028
split_nibbles@high_nib   cstackBANK0  0026
split_nibbles@low_nib    cstackBANK0  0027
start                    init         000E
start_initialization     cinit        0011
wtemp0                   (abs)        007E


MODULE INFORMATION

Module		Function		Class		Link	Load	Size
Lab1.c
		_alarm         		CODE           	0202	0000	13
		_multiplex     		CODE           	01E1	0000	17
		_main          		CODE           	011A	0000	66
		_isr           		CODE           	01A4	0000	32
		_setup         		CODE           	00D7	0000	67
		_ioc_portB     		CODE           	015C	0000	39

Lab1.c estimated size: 234

ADC_lib.c
		_adc_sel_channel		CODE           	020F	0000	13
		_adc_read      		CODE           	01F2	0000	16
		_adc_init      		CODE           	007E	0000	89

ADC_lib.c estimated size: 118

shared
		__initialization		CODE           	0011	0000	10

shared estimated size: 10

iocb_init.c
		_iocb_init     		CODE           	01C4	0000	29

iocb_init.c estimated size: 29

disp_7seg.c
		_hex_to_7seg   		CODE           	001F	0000	95
		_split_nibbles 		CODE           	0183	0000	33

disp_7seg.c estimated size: 128

