Microchip MPLAB XC8 Compiler V2.41

Linker command line:

-W-3 \
  --edf=C:/Program Files/Microchip/MPLABX/v6.10/packs/Microchip/PIC16Fxxx_DFP/1.4.149/xc8\pic\dat\20230322214319_en.msgs \
  -cn -h+dist/default/debug\Lab1.X.debug.sym \
  --cmf=dist/default/debug\Lab1.X.debug.cmf -z -Q16F887 \
  -oC:\Users\judah\AppData\Local\Temp\xcAsgc0.\driver_tmp_3.o \
  --defsym=__MPLAB_BUILD=1 --fixupoverflow=error \
  -Mdist/default/debug/Lab1.X.debug.map \
  --md=C:\Users\judah\AppData\Local\Temp\xcAsgc0.\driver_tmp_0.dat -E1 \
  -ver=XC8 Compiler --acfsm=1493 -ACODE=00h-07FFhx4 -ASTRCODE=00h-01FFFh \
  -ASTRING=00h-0FFhx32 -ACONST=00h-0FFhx32 -AENTRY=00h-0FFhx32 \
  -ACOMMON=070h-07Fh -ABANK0=020h-06Fh -ABANK1=0A0h-0EFh \
  -ABANK2=0110h-016Fh -ABANK3=0190h-01EFh \
  -ARAM=020h-06Fh,0A0h-0EFh,0110h-016Fh,0190h-01EFh \
  -AABS1=020h-07Fh,0A0h-0EFh,0110h-016Fh,0190h-01EFh -ASFR0=00h-01Fh \
  -ASFR1=080h-09Fh -ASFR2=0100h-010Fh -ASFR3=0180h-018Fh \
  -ACONFIG=02007h-02008h -DCONFIG=2 -AIDLOC=02000h-02003h -DIDLOC=2 \
  -AEEDATA=00h-0FFh/02100h -peeprom_data=EEDATA -DEEDATA=2 -DCODE=2 \
  -DSTRCODE=2 -DSTRING=2 -DCONST=2 -DENTRY=2 \
  -preset_vec=00h,intentry=04h,init,end_init -ppowerup=CODE -pcinit=CODE \
  -pfunctab=ENTRY -k \
  C:\Users\judah\AppData\Local\Temp\xcAsgc0.\driver_tmp_12.o \
  dist/default/debug\Lab1.X.debug.o 

Object code version is 3.11

Machine type is 16F887



                Name                               Link     Load   Length Selector   Space Scale
C:\Users\judah\AppData\Local\Temp\xcAsgc0.\driver_tmp_12.o
                end_init                              E        E        3        8       0
                reset_vec                             0        0        3        0       0
                config                             2007     2007        2        0       4
dist/default/debug\Lab1.X.debug.o
                cinit                                11       11        D        8       0
                intentry                              4        4        A        8       0
                config                             2007     2007        2        0       4
                text9                               1E8      1E8        D        8       0
                text8                               15A      15A       27        8       0
                text7                               181      181       25        8       0
                text6                               1DA      1DA        E        8       0
                text5                                1E       1E       5D        8       0
                text4                                7B       7B       53        8       0
                text3                               1C7      1C7       13        8       0
                text2                               11A      11A       40        8       0
                text1                               1A6      1A6       21        8       0
                maintext                             CE       CE       4C        8       0
                cstackBANK0                          20       20        B       20       1
                cstackCOMMON                         70       70        9       70       1
                bssBANK0                             2B       2B        7       20       1

TOTAL           Name                               Link     Load   Length     Space
        CLASS   CODE           
                end_init                              E        E        3         0
                cinit                                11       11        D         0
                intentry                              4        4        A         0
                reset_vec                             0        0        3         0
                text9                               1E8      1E8        D         0
                text8                               15A      15A       27         0
                text7                               181      181       25         0
                text6                               1DA      1DA        E         0
                text5                                1E       1E       5D         0
                text4                                7B       7B       53         0
                text3                               1C7      1C7       13         0
                text2                               11A      11A       40         0
                text1                               1A6      1A6       21         0
                maintext                             CE       CE       4C         0

        CLASS   STRCODE        

        CLASS   STRING         

        CLASS   CONST          

        CLASS   ENTRY          

        CLASS   COMMON         
                cstackCOMMON                         70       70        9         1

        CLASS   BANK0          
                cstackBANK0                          20       20        B         1
                bssBANK0                             2B       2B        7         1

        CLASS   BANK1          

        CLASS   BANK2          

        CLASS   BANK3          

        CLASS   RAM            

        CLASS   ABS1           
                abs_s1                               7E       7E        2         1

        CLASS   SFR0           

        CLASS   SFR1           

        CLASS   SFR2           

        CLASS   SFR3           

        CLASS   CONFIG         
                config                             2007     2007        2         4

        CLASS   IDLOC          

        CLASS   EEDATA         

        CLASS   STACK          



SEGMENTS        Name                           Load    Length   Top    Selector   Space  Class     Delta

                reset_vec                      000000  000003  000003         0       0  CODE        2
                intentry                       000004  0001F1  0001F5         8       0  CODE        2
                cstackBANK0                    000020  000012  000032        20       1  BANK0       1
                cstackCOMMON                   000070  000009  000079        70       1  COMMON      1


UNUSED ADDRESS RANGES

        Name                Unused          Largest block    Delta
        BANK0            0032-006F             3E           1
        BANK1            00A0-00EF             50           1
        BANK2            0110-016F             60           1
        BANK3            0190-01EF             60           1
        CODE             0003-0003              1           2
                         01F5-1FFF            800
        COMMON           0079-007D              5           1
        CONST            0003-0003              1           2
                         01F5-1FFF            100
        EEDATA           2100-21FF            100           2
        ENTRY            0003-0003              1           2
                         01F5-1FFF            100
        IDLOC            2000-2003              4           2
        RAM              0032-006F             3E           1
                         00A0-00EF             50
                         0110-016F             60
                         0190-01EF             60
        SFR0             0000-001F             20           1
        SFR1             0080-009F             20           1
        SFR2             0100-010F             10           1
        SFR3             0180-018F             10           1
        STRCODE          0003-0003              1           2
                         01F5-1FFF           1E0B
        STRING           0003-0003              1           2
                         01F5-1FFF            100

                                  Symbol Table

?_adc_read               cstackCOMMON 0075
?_split_nibbles          cstackCOMMON 0075
_ADCON0bits              (abs)        001F
_ADFM                    (abs)        04FF
_ADON                    (abs)        00F8
_ADRESH                  (abs)        001E
_ADRESL                  (abs)        009E
_ANSEL                   (abs)        0188
_ANSELH                  (abs)        0189
_GIE                     (abs)        005F
_IOCB                    (abs)        0096
_OPTION_REGbits          (abs)        0081
_OSCCONbits              (abs)        008F
_PORTA                   (abs)        0005
_PORTC                   (abs)        0007
_PORTD                   (abs)        0008
_PORTE                   (abs)        0009
_RB0                     (abs)        0030
_RB1                     (abs)        0031
_RB2                     (abs)        0032
_RB3                     (abs)        0033
_RBIE                    (abs)        005B
_RBIF                    (abs)        0058
_RE0                     (abs)        0048
_RE1                     (abs)        0049
_SCS                     (abs)        0478
_T0CS                    (abs)        040D
_T0IE                    (abs)        005D
_T0IF                    (abs)        005A
_TMR0                    (abs)        0001
_TRISA                   (abs)        0085
_TRISB                   (abs)        0086
_TRISC                   (abs)        0087
_TRISD                   (abs)        0088
_TRISE                   (abs)        0089
_VCFG0                   (abs)        04FC
_VCFG1                   (abs)        04FD
_WPUB                    (abs)        0095
__H__absolute__          __absolute__ 0000
__Habs1                  abs1         0000
__Hbank0                 bank0        0000
__Hbank1                 bank1        0000
__Hbank2                 bank2        0000
__Hbank3                 bank3        0000
__HbssBANK0              bssBANK0     0000
__Hcinit                 cinit        001E
__Hclrtext               clrtext      0000
__Hcode                  code         0000
__Hcommon                common       0000
__Hconfig                config       2009
__HcstackBANK0           cstackBANK0  0000
__HcstackCOMMON          cstackCOMMON 0000
__Heeprom_data           eeprom_data  0000
__Hend_init              end_init     0011
__Hfunctab               functab      0000
__Hinit                  init         000E
__Hintentry              intentry     000E
__Hmaintext              maintext     0000
__Hpowerup               powerup      0000
__Hram                   ram          0000
__Hreset_vec             reset_vec    0003
__Hsfr0                  sfr0         0000
__Hsfr1                  sfr1         0000
__Hsfr2                  sfr2         0000
__Hsfr3                  sfr3         0000
__Hspace_0               (abs)        01F5
__Hspace_1               (abs)        0079
__Hspace_2               (abs)        0000
__Hspace_3               (abs)        0000
__Hspace_4               (abs)        4010
__Hstack                 stack        0000
__Hstrings               strings      0000
__Htext                  text         0000
__L__absolute__          __absolute__ 0000
__Labs1                  abs1         0000
__Lbank0                 bank0        0000
__Lbank1                 bank1        0000
__Lbank2                 bank2        0000
__Lbank3                 bank3        0000
__LbssBANK0              bssBANK0     0000
__Lcinit                 cinit        0011
__Lclrtext               clrtext      0000
__Lcode                  code         0000
__Lcommon                common       0000
__Lconfig                config       0000
__LcstackBANK0           cstackBANK0  0000
__LcstackCOMMON          cstackCOMMON 0000
__Leeprom_data           eeprom_data  0000
__Lend_init              end_init     000E
__Lfunctab               functab      0000
__Linit                  init         000E
__Lintentry              intentry     0004
__Lmaintext              maintext     0000
__Lpowerup               powerup      0000
__Lram                   ram          0000
__Lreset_vec             reset_vec    0000
__Lsfr0                  sfr0         0000
__Lsfr1                  sfr1         0000
__Lsfr2                  sfr2         0000
__Lsfr3                  sfr3         0000
__Lspace_0               (abs)        0000
__Lspace_1               (abs)        0000
__Lspace_2               (abs)        0000
__Lspace_3               (abs)        0000
__Lspace_4               (abs)        0000
__Lstack                 stack        0000
__Lstrings               strings      0000
__Ltext                  text         0000
__S0                     (abs)        01F5
__S1                     (abs)        0079
__S3                     (abs)        0000
___int_sp                stack        0000
___latbits               (abs)        0002
___sp                    stack        0000
___stackhi               (abs)        0000
___stacklo               (abs)        0000
__end_of__initialization cinit        001A
__end_of_adc_init        text4        00CE
__end_of_adc_read        text6        01E8
__end_of_adc_sel_channel text9        01F5
__end_of_hex_to_7seg     text5        007B
__end_of_ioc_portB       text8        0181
__end_of_iocb_init       text3        01DA
__end_of_isr             text7        01A6
__end_of_main            maintext     011A
__end_of_setup           text2        015A
__end_of_split_nibbles   text1        01C7
__initialization         cinit        0011
__pbssBANK0              bssBANK0     002B
__pcstackBANK0           cstackBANK0  0020
__pcstackCOMMON          cstackCOMMON 0070
__pintentry              intentry     0004
__pmaintext              maintext     00CE
__ptext1                 text1        01A6
__ptext2                 text2        011A
__ptext3                 text3        01C7
__ptext4                 text4        007B
__ptext5                 text5        001E
__ptext6                 text6        01DA
__ptext7                 text7        0181
__ptext8                 text8        015A
__ptext9                 text9        01E8
_adc_init                text4        007B
_adc_read                text6        01DA
_adc_sel_channel         text9        01E8
_adc_val                 bssBANK0     0031
_disp1                   bssBANK0     002E
_disp2                   bssBANK0     002D
_hex_to_7seg             text5        001E
_high_nib                bssBANK0     0030
_ioc_portB               text8        015A
_iocb_init               text3        01C7
_isr                     text7        0181
_low_nib                 bssBANK0     002F
_main                    maintext     00CE
_main$154                cstackBANK0  0029
_nRBPU                   (abs)        040F
_nibbles                 bssBANK0     002B
_setup                   text2        011A
_split_nibbles           text1        01A6
adc_init@J               cstackCOMMON 0078
adc_init@R               cstackCOMMON 0075
adc_init@channel         cstackCOMMON 0077
adc_init@clock           cstackCOMMON 0076
adc_sel_channel@channel  cstackCOMMON 0071
btemp                    (abs)        007E
end_of_initialization    cinit        001A
hex_to_7seg@hex          cstackCOMMON 0077
interrupt_function       intentry     0004
intlevel0                functab      0000
intlevel1                functab      0000
intlevel2                functab      0000
intlevel3                functab      0000
intlevel4                functab      0000
intlevel5                functab      0000
iocb_init@pinesB         cstackCOMMON 0075
reset_vec                reset_vec    0000
saved_w                  (abs)        007E
split_nibbles@hex        cstackBANK0  0026
split_nibbles@high_nib   cstackBANK0  0024
split_nibbles@low_nib    cstackBANK0  0025
start                    init         000E
start_initialization     cinit        0011
wtemp0                   (abs)        007E


MODULE INFORMATION

Module		Function		Class		Link	Load	Size
Lab1.c
		_main          		CODE           	00CE	0000	76
		_isr           		CODE           	0181	0000	37
		_setup         		CODE           	011A	0000	64
		_ioc_portB     		CODE           	015A	0000	39

Lab1.c estimated size: 216

ADC_lib.c
		_adc_sel_channel		CODE           	01E8	0000	13
		_adc_read      		CODE           	01DA	0000	14
		_adc_init      		CODE           	007B	0000	83

ADC_lib.c estimated size: 110

shared
		__initialization		CODE           	0011	0000	9

shared estimated size: 9

iocb_init.c
		_iocb_init     		CODE           	01C7	0000	19

iocb_init.c estimated size: 19

disp_7seg.c
		_hex_to_7seg   		CODE           	001E	0000	93
		_split_nibbles 		CODE           	01A6	0000	33

disp_7seg.c estimated size: 126

